999    37         60.         -1.         -1.
999    47        218.         -1.         -1.
999    59        180.         -1.         -1.
999    61        333.         -1.         -1.
999    73        237.         -1.         -1.
999    77        218.         -1.         -1.
999    81        184.         -1.         -1.
999    85        184.         -1.         -1.
999   103        303.         -1.         -1.
999   105        216.         -1.         -1.
999   112        207.         -1.         -1.
999   120         67.         -1.         -1.
999   169        285.         -1.         -1.
999   170          0.         -1.         -1.
999   213        200.         -1.         -1.
999   253        271.         -1.         -1.
999   259        243.         -1.         -1.
999   269        247.         -1.         -1.
999   272        251.         -1.         -1.
999   273        155.         -1.         -1.
999   282        187.         -1.         -1.
999   291        266.         -1.         -1.
999   294        251.         -1.         -1.
999   314        192.         -1.         -1.
999   329        274.         -1.         -1.
999   332        248.         -1.         -1.
999   335        298.         -1.         -1.
999   336        379.         -1.         -1.
999   338        200.         -1.         -1.
999   341        254.         -1.         -1.
999   566        150.         -1.         -1.
999   628         29.         -1.         -1.
999   632        650.         -1.         -1.
999   635         83.         -1.         -1.
999   636         47.         -1.         -1.
999   637         45.         -1.         -1.
999   639         64.         -1.         -1.
999   641         56.         -1.         -1.
999   643         45.         -1.         -1.
999   644         19.         -1.         -1.
999   645         25.         -1.         -1.
999   646         22.         -1.         -1.
999   647         30.         -1.         -1.
999   650         65.         -1.         -1.
999   651         55.         -1.         -1.
999   652        208.         -1.         -1.
999   653         21.         -1.         -1.
999   654         64.         -1.         -1.
999   655         58.         -1.         -1.
999   660        120.         -1.         -1.
999   663        242.         -1.         -1.
999   840        303.         -1.         -1.
999   841        303.         -1.         -1.
999   842        303.         -1.         -1.
999   843        303.         -1.         -1.
999   845        303.         -1.         -1.
999   846        236.         -1.         -1.
999   849        286.         -1.         -1.
999   850        303.         -1.         -1.
999   857        152.         -1.         -1.
999   859        170.         -1.         -1.
999   861         47.         -1.         -1.
999   862        140.         -1.         -1.
