  0    15        334.        122.         23.                                   
  0    16        364.        109.         11.                                   
  0    17        213.        121.         31.                                   
  0    18        367.        110.         11.                                   
  0    19        382.        291.        107.                                   
  0    20        249.         82.         12.                                   
  0    21        345.        123.         20.                                   
  0    22        369.         74.        170.                                   
  0    23        362.          5.          3.                                   
  0    24        380.        950.          0.                                   
  0    26         60.         19.          3.                                   
  0    27        280.         60.         14.                                   
  0    28        357.         75.         18.                                   
  0    29        360.         64.          8.                                   
  0    31        360.         67.          7.                                   
  0    32        360.         67.          7.                                   
  0    33        380.        950.          0.                                   
  0    34        362.          5.          3.                                   
  0    35        276.        133.        158.                                   
  0    36        884.          0.       1000.                                   
999    37         60.         -1.         -1.                                   
  0    38        366.         64.          8.                                   
  0    39        133.          3.          0.                                   
  0    41        389.         74.          7.                                   
  0    44        332.        110.         18.                                   
  0    45        348.         96.         11.                                   
  0    46        346.         90.         14.                                   
999    47        218.         -1.         -1.                                   
  0    48        343.         92.         17.                                   
  0    49        368.        131.         19.                                   
  0    50        367.         60.          0.                                   
  0    51         49.          5.          0.                                   
  0    56        356.         95.         43.                                   
  0    57        373.        111.        385.                                   
  0    58        363.         84.         12.                                   
999    59        180.         -1.         -1.                                   
  0    60        884.          0.       1000.                                   
999    61        333.         -1.         -1.                                   
  0    63        380.        950.          0.                                   
  0    64        362.          5.          3.                                   
  0    66         40.          4.          0.                                   
  0    68        356.         95.         43.                                   
  0    71        319.        110.         19.                                   
  0    72        341.         90.         18.                                   
999    73        237.         -1.         -1.                                   
  0    75        385.        130.         75.                                   
  0    76        384.        160.         63.                                   
999    77        218.         -1.         -1.                                   
  0    79        340.         97.         30.                                   
  0    80        340.         97.         30.                                   
999    81        184.         -1.         -1.                                   
  0    82         40.          4.          0.                                   
  0    83        343.        101.         33.                                   
  0    84        343.        101.         33.                                   
999    85        184.         -1.         -1.                                   
  0    86         40.          4.          0.                                   
  0    89        330.        110.         20.                                   
  0    90        344.         64.         12.                                   
  0    92        342.        120.         50.                                   
  0    94        338.         80.         30.                                   
  0    95        355.         90.         22.                                   
  0    97        327.        116.         21.                                   
  0    98        341.        114.         21.                                   
  0   101        388.        160.         60.                                   
999   103        303.         -1.         -1.                                   
  0   104        364.        100.         11.                                   
999   105        216.         -1.         -1.                                   
  0   108        340.         80.         15.                                   
  0   109        368.        152.         29.                                   
  0   110        439.         92.        131.                                   
  0   111        364.        100.         11.                                   
999   112        207.         -1.         -1.                                   
  0   113        364.        100.         11.                                   
  0   114        393.         62.        120.                                   
  0   115        377.         75.         27.                                   
  0   116         67.         16.          1.                                   
  0   117        349.         85.          4.                                   
  0   118         73.         12.          0.                                   
  0   119        362.          5.          3.                                   
999   120         67.         -1.         -1.                                   
  0   121        362.          5.          3.                                   
  0   122         92.          7.          2.                                   
  0   125        109.          9.          2.                                   
  0   126        338.         15.          6.                                   
  0   127        362.          5.          3.                                   
  0   128        255.         28.          7.                                   
  0   129        362.          5.          3.                                   
  0   135        109.         17.          3.                                   
  0   136         86.         15.          2.                                   
  0   137        101.         13.          2.                                   
  0   149         91.         16.          2.                                   
  0   150        282.         50.          6.                                   
  0   151        282.         50.          6.                                   
  0   154        375.          0.          0.                                   
  0   155        375.          0.          0.                                   
  0   156         30.          2.          0.                                   
  0   157         70.         13.          1.                                   
  0   160        348.          0.          0.                                   
  0   161        390.          0.          0.                                   
  0   162        373.          0.          0.                                   
  0   163        351.         10.          0.                                   
  0   164        387.          0.          0.                                   
  0   165        232.          0.          0.                                   
  0   166        298.          3.          0.                                   
  0   167        310.          0.          0.                                   
  0   168        310.          0.          0.                                   
999   169        285.         -1.         -1.                                   
999   170          0.         -1.         -1.                                   
  0   171        310.          0.          0.                                   
  0   172        368.          0.          0.                                   
  0   173        387.          0.          0.                                   
  0   175        318.          0.          0.                                   
  0   176        341.        221.         17.                                   
  0   181        343.        234.         20.                                   
  0   187        346.        225.         18.                                   
  0   191        358.        201.         45.                                   
  0   195        342.        234.         18.                                   
  0   197        343.        209.         17.                                   
  0   201        346.        242.         18.                                   
  0   203        365.        177.         63.                                   
  0   205        325.        315.         19.                                   
  0   210        390.        400.        130.                                   
  0   211        340.        220.         20.                                   
  0   212        340.        220.         20.                                   
999   213        200.         -1.         -1.                                   
  0   216        315.         69.        318.                                   
  0   217        252.         77.        206.                                   
  0   220        158.         18.         17.                                   
  0   221        236.         80.        209.                                   
  0   222        289.         64.        278.                                   
  0   223        289.        103.        242.                                   
  0   224        349.         90.         20.                                   
  0   225        291.         60.        288.                                   
  0   226        245.         49.         44.                                   
  0   229        656.        143.        662.                                   
  0   230        574.        153.        464.                                   
  0   231        589.        200.        522.                                   
  0   232        642.        143.        619.                                   
  0   233        632.        130.        626.                                   
  0   234        262.         70.        250.                                   
  0   235        615.        155.        562.                                   
  0   236        335.        380.        180.                                   
  0   237        884.          0.       1000.                                   
  0   238        261.        460.         50.                                   
  0   239         56.         55.          5.                                   
  0   240        114.        110.         58.                                   
  0   241         58.         63.         31.                                   
  0   242        414.        187.        359.                                   
  0   243        567.        257.        492.                                   
  0   244        884.          0.       1000.                                   
  0   245        363.        417.         76.                                   
  0   246        580.        268.        492.                                   
  0   247        589.        243.        500.                                   
  0   249        184.         17.        174.                                   
  0   250        660.         69.        645.                                   
  0   251        636.         60.        614.                                   
  0   252        884.          0.       1000.                                   
999   253        271.         -1.         -1.                                   
  0   254        158.          3.        132.                                   
  0   256        514.         73.        434.                                   
  0   257        884.          0.       1000.                                   
  0   258        884.          0.       1000.                                   
999   259        243.         -1.         -1.                                   
  0   260        175.         13.        175.                                   
  0   261        884.          0.       1000.                                   
  0   262        109.         11.        111.                                   
  0   263        579.         68.        490.                                   
  0   264        711.          0.        850.                                   
  0   266        884.          0.       1000.                                   
  0   267        308.        123.        268.                                   
  0   268        884.          0.       1000.                                   
999   269        247.         -1.         -1.                                   
  0   270        494.        196.        450.                                   
  0   271        884.          0.       1000.                                   
999   272        251.         -1.         -1.                                   
999   273        155.         -1.         -1.                                   
  0   274        884.          0.       1000.                                   
  0   276        884.          0.       1000.                                   
  0   280        314.         97.        303.                                   
  0   281        884.          0.       1000.                                   
999   282        187.         -1.         -1.                                   
  0   289        573.        177.        497.                                   
  0   290        884.          0.       1000.                                   
999   291        266.         -1.         -1.                                   
  0   292        469.        249.        288.                                   
  0   293        884.          0.       1000.                                   
999   294        251.         -1.         -1.                                   
  0   295        469.        264.        363.                                   
  0   296        533.        180.        447.                                   
  0   297        884.          0.       1000.                                   
  0   299        400.        182.        339.                                   
  0   307        884.          0.       1000.                                   
  0   313        884.          0.       1000.                                   
999   314        192.         -1.         -1.                                   
999   329        274.         -1.         -1.                                   
  0   331        884.          0.       1000.                                   
999   332        248.         -1.         -1.                                   
  0   333        498.        180.        340.                                   
  0   334        884.          0.       1000.                                   
999   335        298.         -1.         -1.                                   
999   336        379.         -1.         -1.                                   
  0   337        884.          0.       1000.                                   
999   338        200.         -1.         -1.                                   
  0   339        387.        147.        317.                                   
  0   340        884.          0.       1000.                                   
999   341        254.         -1.         -1.                                   
  0   343        393.        372.        156.                                   
  0   358         19.         10.          1.                                   
  0   366         20.         11.          1.                                   
  0   367         12.         16.          1.                                   
  0   372         12.         11.          2.                                   
  0   373         16.         21.          3.                                   
  0   378         53.         58.         11.                                   
  0   388         17.          8.          2.                                   
  0   389         76.         34.          4.                                   
  0   390         17.          8.          1.                                   
  0   391         84.         38.          9.                                   
  0   392         19.          9.          2.                                   
  0   393          9.          8.          1.                                   
  0   394         19.          9.          1.                                   
  0   397         13.          5.          1.                                   
  0   399         21.          9.          1.                                   
  0   401         25.         11.          3.                                   
  0   402         24.         17.          1.                                   
  0   403         31.         11.          2.                                   
  0   406        130.         55.          4.                                   
  0   407         37.          7.          1.                                   
  0   414         50.         30.          4.                                   
  0   417         31.         21.          2.                                   
  0   420         23.         23.          1.                                   
  0   423         27.         16.          1.                                   
  0   426         38.          9.          2.                                   
  0   430         31.         16.          3.                                   
  0   446         56.         21.          8.                                   
  0   447         54.         18.          4.                                   
  0   448         77.         23.          6.                                   
  0   449         24.         20.          4.                                   
  0   450        296.         96.         10.                                   
  0   451         24.         19.          3.                                   
  0   459         60.         11.          2.                                   
  0   460         22.         14.          2.                                   
  0   461        111.         16.          5.                                   
  0   463         22.         14.          2.                                   
  0   464        176.        112.         16.                                   
  0   465         36.         14.          3.                                   
  0   466         19.          6.          1.                                   
  0   469        341.         66.         13.                                   
  0   471         29.         14.         13.                                   
  0   472         38.         21.          3.                                   
  0   473         71.         33.          5.                                   
  0   474         65.         33.          3.                                   
  0   475         54.         24.          4.                                   
  0   476         41.         12.          5.                                   
  0   486         60.          7.          3.                                   
  0   489         75.          8.          3.                                   
  0   490         34.          7.          1.                                   
  0   491         42.          6.          1.                                   
  0   492        159.         24.          2.                                   
  0   495         32.          5.          1.                                   
  0   496         43.          5.          2.                                   
  0   497         15.          6.          2.                                   
  0   498         22.          5.          3.                                   
  0   499        116.         23.          9.                                   
  0   507         16.          3.          1.                                   
  0   509         39.          5.          1.                                   
  0   510        146.         20.          5.                                   
  0   512         26.          5.          2.                                   
  0   513         47.          6.          2.                                   
  0   514        157.         21.          5.                                   
  0   515         48.          1.          3.                                   
  0   517         47.          1.          0.                                   
  0   518         47.          1.          1.                                   
  0   519        166.          5.          4.                                   
  0   521         54.          4.          4.                                   
  0   523         35.          2.          1.                                   
  0   526         45.         13.          4.                                   
  0   527        238.         37.          5.                                   
  0   530         45.          9.          3.                                   
  0   531         65.         11.          9.                                   
  0   534         33.          5.          1.                                   
  0   536         52.          7.          6.                                   
  0   537        208.         23.          5.                                   
  0   538         71.          6.          0.                                   
  0   539        215.         20.          1.                                   
  0   541         52.          9.          3.                                   
  0   542         48.          4.          3.                                   
  0   544         28.          6.          4.                                   
  0   547         47.          9.          5.                                   
  0   549         44.          9.          6.                                   
  0   550         59.         14.          3.                                   
  0   552         55.          7.          4.                                   
  0   554         47.          4.          2.                                   
  0   558         49.         10.          7.                                   
  0   560         53.          5.          4.                                   
  0   561        299.         32.          5.                                   
  0   562         61.          6.          1.                                   
  0   563         61.          6.          1.                                   
  0   564         68.          0.          0.                                   
  0   565        137.          1.          0.                                   
999   566        150.         -1.         -1.                                   
  0   567         17.          3.          2.                                   
  0   568         17.          4.          1.                                   
  0   569         73.          8.          3.                                   
  0   570        253.         30.         12.                                   
  0   571         45.          4.          2.                                   
  0   572        119.         15.        113.                                   
  0   574         26.          2.          2.                                   
  0   575         78.          4.          1.                                   
  0   576         56.          3.          1.                                   
  0   577        156.         15.          4.                                   
  0   580        179.         13.          1.                                   
  0   583         62.          3.          4.                                   
  0   584         65.          5.          3.                                   
  0   587         82.          6.          3.                                   
  0   591         43.          8.          6.                                   
  0   592         52.          9.          4.                                   
  0   600         26.          4.          1.                                   
  0   603         41.          5.          7.                                   
  0   604        267.         28.          6.                                   
  0   619         45.          5.          5.                                   
  0   620        267.         28.          6.                                   
  0   622         48.          5.          1.                                   
  0   623         36.          5.          2.                                   
  0   624        346.         39.         18.                                   
  0   625        212.          6.          0.                                   
  0   626         59.          3.          0.                                   
999   628         29.         -1.         -1.                                   
999   632        650.         -1.         -1.                                   
  0   633         39.          0.          0.                                   
  0   634        295.          0.          0.                                   
999   635         83.         -1.         -1.                                   
999   636         47.         -1.         -1.                                   
999   637         45.         -1.         -1.                                   
999   639         64.         -1.         -1.                                   
999   641         56.         -1.         -1.                                   
999   643         45.         -1.         -1.                                   
999   644         19.         -1.         -1.                                   
999   645         25.         -1.         -1.                                   
999   646         22.         -1.         -1.                                   
999   647         30.         -1.         -1.                                   
999   650         65.         -1.         -1.                                   
999   651         55.         -1.         -1.                                   
999   652        208.         -1.         -1.                                   
999   653         21.         -1.         -1.                                   
999   654         64.         -1.         -1.                                   
999   655         58.         -1.         -1.                                   
  0   656         47.         67.          0.                                   
  0   657         56.         80.          0.                                   
  0   658         56.         80.          0.                                   
  0   659        129.         40.          0.                                   
999   660        120.         -1.         -1.                                   
  0   661        414.         40.        400.                                   
  0   662        472.         17.        440.                                   
999   663        242.         -1.         -1.                                   
  0   664        711.          0.        850.                                   
  0   665        261.        173.        190.                                   
  0   666        393.         42.        357.                                   
  0   667         40.        100.          0.                                   
  0   671         40.        100.          0.                                   
  0   672         18.         45.          0.                                   
  0   674         40.        100.          0.                                   
  0   687        276.        107.         27.                                   
  0   689        318.        120.        173.                                   
  0   693        261.         39.         32.                                   
  0   698        323.         60.        201.                                   
  0   702        525.         58.        363.                                   
  0   711        345.        158.        149.                                   
  0   720        347.         91.         60.                                   
  0   723        337.        113.        155.                                   
999   840        303.         -1.         -1.                                   
999   841        303.         -1.         -1.                                   
999   842        303.         -1.         -1.                                   
999   843        303.         -1.         -1.                                   
999   845        303.         -1.         -1.                                   
999   846        236.         -1.         -1.                                   
999   849        286.         -1.         -1.                                   
999   850        303.         -1.         -1.                                   
999   857        152.         -1.         -1.                                   
999   859        170.         -1.         -1.                                   
999   861         47.         -1.         -1.                                   
999   862        140.         -1.         -1.                                   
  0   862        265.        305.         20.                                   
  0   865        163.        149.        110.                                   
  0   867        225.        147.        180.                                   
  0   868        105.        184.         25.                                   
  0   869        847.         20.        930.                                   
  0   870        150.        185.         79.                                   
  0   871        847.         20.        930.                                   
  0   872        203.        343.         63.                                   
  0   873        238.        160.         89.                                   
  0   874        313.        117.        284.                                   
  0   875        233.        250.        140.                                   
  0   876        233.        250.        140.                                   
  0   877        110.        137.         57.                                   
  0   878        315.        136.         28.                                   
  0   882         61.         33.         33.                                   
  0   883         48.         33.         15.                                   
  0   885        195.         27.        193.                                   
  0   886        717.          9.        811.                                   
  0   887        873.          3.        991.                                   
  0   888         35.         34.          2.                                   
  0   889        321.         79.         87.                                   
  0   890         26.          9.          3.                                   
  0   891         61.         35.         33.                                   
  0   892         82.         47.         15.                                   
  0   893         75.         30.         52.                                   
  0   894        134.         68.         76.                                   
  0   895         78.         76.          2.                                   
  0   896        271.        100.          2.                                   
  0   897        496.        263.        267.                                   
  0   898        362.        362.          8.                                   
  0   899        387.        343.         58.                                   
  0   900        346.        123.          8.                                   
  0   901        387.        250.        310.                                   
  0   903         26.          8.          2.                                   
  0   904        247.        460.         40.                                   
  0   905         72.        124.         10.                                   
  0   907        103.        125.         45.                                   
  0   908         61.         18.         34.                                   
999   909         64.         -1.         -1.                                   
  0   910        149.         20.         67.                                   
  0   916         49.        101.          0.                                   
  0   917        427.       1000.          0.                                   
999   919         30.         -1.         -1.                                   
  0   947         77.        113.         31.                                   
  0   948        105.        184.         25.                                   
  0   949        847.         20.        930.                                   
  0   951         97.         38.         69.                                   
  0   952        717.          9.        811.                                   
  0   953        873.          3.        991.                                   
  0   954         41.         43.          1.                                   
  0   955        269.        169.        220.                                   
  0   975        119.        128.         71.                                   
  0   977        263.        135.        228.                                   
  0   978        117.        146.         57.                                   
  0   979        902.          0.       1000.                                   
  0   982         94.         59.         60.                                   
  0   983        716.          6.        810.                                   
  0   984        310.        232.        228.                                   
  0   985         48.         61.          4.                                   
999   995         30.         -1.         -1.                                   
  0  1015        123.        140.         70.                                   
  0  1017        123.        140.         70.                                   
  0  1018        117.        146.         57.                                   
  0  1019        847.         20.        930.                                   
  0  1020         69.         36.         41.                                   
  0  1021        280.        160.        150.                                   
  0  1022        717.          9.        811.                                   
  0  1023         35.         34.          2.                                   
999  1025         30.         -1.         -1.                                   
  0  1035        326.        110.        310.                                   
  0  1036        113.        183.         35.                                   
  0  1037        712.         47.        767.                                   
  0  1038        220.        134.        180.                                   
  0  1039        362.        131.        341.                                   
  0  1040        712.         47.        767.                                   
  0  1041        417.        117.        403.                                   
  0  1042        239.        161.        188.                                   
  0  1043        902.          0.       1000.                                   
  0  1058        122.        123.         77.                                   
  0  1059        125.        180.         39.                                   
  0  1060        462.        114.        438.                                   
  0  1061        165.        218.         80.                                   
  0  1062        139.        107.         98.                                   
  0  1063        158.        121.        112.                                   
  0  1064        594.        458.        418.                                   
  0  1065        629.         37.        680.                                   
  0  1066        901.          0.        998.                                   
  0  1069        291.         83.        283.                                   
  0  1073        301.        129.        272.                                   
  0  1074        133.        164.         43.                                   
  0  1075        136.        187.         46.                                   
  0  1080        126.        161.         63.                                   
  0  1081        137.        200.         40.                                   
  0  1083        226.        142.        183.                                   
  0  1089        185.        171.        124.                                   
  0  1091        163.        113.        121.                                   
  0  1097         85.        155.         20.                                   
  0  1098        105.        184.         25.                                   
  0  1108         94.        150.         30.                                   
  0  1111         94.        150.         30.                                   
  0  1127        174.        127.        132.                                   
  0  1128        105.        184.         25.                                   
  0  1129        847.         20.        930.                                   
  0  1130         73.         38.         45.                                   
  0  1141        118.        170.         50.                                   
  0  1151         81.        162.         14.                                   
  0  1158        143.        146.         90.                                   
  0  1159        105.        184.         25.                                   
  0  1160        847.         20.        930.                                   
  0  1163        104.        180.         30.                                   
  0  1164        250.        554.         15.                                   
  0  1166        126.        164.         60.                                   
  0  1167        105.        184.         25.                                   
  0  1168        902.          0.       1000.                                   
  0  1172        242.        206.        169.                                   
999  1173        285.         -1.         -1.                                   
999  1175        259.         -1.         -1.                                   
  0  1176         42.         63.          5.                                   
  0  1182        298.          4.          0.                                   
  0  1223        902.          0.       1000.                                   
  0  1225        884.          0.       1000.                                   
  0  1232         41.         12.          5.                                   
  0  1242        720.          6.        810.                                   
  0  1243        720.          6.        810.                                   
999  1259        100.         -1.         -1.                                   
  0  1274        902.          0.       1000.                                   
  0  1275        720.          6.        810.                                   
999  1277        200.         -1.         -1.                                   
  0  1501         69.        109.         25.                                   
  0  1502         69.        109.         25.                                   
  0  1503        127.        203.         45.                                   
  0  1504        127.        203.         45.                                   
  0  1505        199.        313.         72.                                   
  0  1506        161.        198.         84.                                   
  0  1507        262.        269.        150.                                   
999  1508         69.         -1.         -1.                                   
999  1509        800.         -1.         -1.                                   
  0  1510        902.          0.       1000.                                   
999  1511        100.         -1.         -1.                                   
  0  1514         42.         83.          8.                                   
  0  1515         42.         83.          8.                                   
  0  1516         90.        179.         16.                                   
  0  1517         90.        179.         16.                                   
  0  1518        186.        379.         19.                                   
  0  1519        173.        250.         63.                                   
  0  1520        320.        250.        235.                                   
999  1521        293.         -1.         -1.                                   
  0  1522        902.          0.       1000.                                   
  0  1523        902.          0.       1000.                                   
999  1524        100.         -1.         -1.                                   
  0  1527         86.        126.         36.                                   
  0  1528         86.        126.         36.                                   
  0  1529        141.        202.         60.                                   
  0  1530        141.        202.         60.                                   
  0  1531        156.        264.         45.                                   
  0  1532        185.        208.        102.                                   
  0  1533        318.        442.        136.                                   
999  1534        270.         -1.         -1.                                   
  0  1535        902.          0.       1000.                                   
  0  1536        902.          0.       1000.                                   
999  1537        270.         -1.         -1.                                   
  0  1540         64.        103.         22.                                   
  0  1541         64.        103.         22.                                   
  0  1542        115.        190.         38.                                   
  0  1543        115.        190.         38.                                   
  0  1544        169.        321.         32.                                   
  0  1545        179.        229.         82.                                   
999  1546        132.         -1.         -1.                                   
999  1547         70.         -1.         -1.                                   
999  1548        768.         -1.         -1.                                   
999  1549        800.         -1.         -1.                                   
999  1550        150.         -1.         -1.                                   
  0  1553         47.         93.          5.                                   
  0  1554         91.        184.          8.                                   
  0  1555        149.        254.         13.                                   
  0  1556         98.        198.         11.                                   
  0  1557        113.        195.         18.                                   
999  1558        197.         -1.         -1.                                   
999  1559        131.         -1.         -1.                                   
  0  1562         15.         23.          2.                                   
  0  1563         71.        105.         12.                                   
  0  1564        345.        494.         47.                                   
  0  1565         98.        149.         26.                                   
999  1566         70.         -1.         -1.                                   
999  1567        100.         -1.         -1.                                   
  0  1570         66.        135.          7.                                   
  0  1571         74.        151.          9.                                   
  0  1572        341.        616.         62.                                   
  0  1573        137.        208.         28.                                   
  0  1574        130.        208.         15.                                   
999  1575         70.         -1.         -1.                                   
  0  1580        136.        210.         50.                                   
999  1581        398.         -1.         -1.                                   
  0  1582        902.          0.       1000.                                   
  0  1583        156.        206.         75.                                   
999  1584        100.         -1.         -1.                                   
  0  1587         30.         40.          2.                                   
  0  1588         33.         55.          1.                                   
  0  1590        168.        115.         38.                                   
  0  1594         54.         28.          6.                                   
  0  1595        215.        164.          9.                                   
  0  1596        312.         13.         12.                                   
